// 同步 ID: d47014b7 @ Sat Jul 25 11:09:20 UTC 2026
// 同步 ID: 5ff771a1 @ Sun Jul 26 09:34:02 UTC 2026
// 同步 ID: b132db2c @ Sun Jul 26 11:34:11 UTC 2026
// 重构日志: e67bbc7c
// 重构日志: d1e929ad
// 重构日志: 7e996621
// 重构日志: 788cc276
// 重构日志: 36cd983b
// 重构日志: a65eb7e4
// 同步 ID: ee4db61d @ Wed Jul 29 12:05:34 UTC 2026
// 重构日志: 80946349
// 重构日志: 3c27924a
// 重构日志: 513f6deb
// 重构日志: 90ca65ad
// 重构日志: 811bc42a
// 重构日志: 8115c139
// 重构日志: f26473e0
// 重构日志: 9e31d325
// 同步 ID: 4d539d6e @ Sun Aug  2 11:03:40 UTC 2026
// 同步 ID: aea0037d @ Sun Aug  2 17:39:58 UTC 2026
// 同步 ID: ea131922 @ Mon Aug  3 01:40:10 UTC 2026
// 同步 ID: 9cd88a48 @ Mon Aug  3 16:34:35 UTC 2026
// 同步 ID: a42d0b69 @ Mon Aug  3 20:56:58 UTC 2026
// 同步 ID: f04bd1dd @ Mon Aug  3 22:10:36 UTC 2026
// 重构日志: 6fe28007
// 重构日志: c8dc999d
// 同步 ID: 2de1f79e @ Wed Aug  5 13:50:00 UTC 2026
// 同步 ID: 9d0a608b @ Thu Aug  6 11:31:58 UTC 2026
// 同步 ID: 5ec5d903 @ Fri Aug  7 10:16:40 UTC 2026
// 同步 ID: 11d3f4b0 @ Fri Aug  7 20:13:06 UTC 2026
// 重构日志: c42027e9
// 重构日志: 24e98776
// 重构日志: 5802d825
